2026-03-09 18:45:55,032 - [INTEGRITY] - INFO - Dataset freshness verified. Max date: 2026-03-09 (0 days old).
======================================================================
[NBA] LIVE NBA PREDICTIONS - Aggregated Data + Neural Hybrid
[BETS] BETTING INTEGRATION: The Odds API
======================================================================

[CFG]  Betting Configuration:
   Safe Mode: OFF
   Min Win Prob: 56.0%
   Bookmaker: fanduel
[DNA] Loading unified 12-role archetype system (Multi-DNA Enabled)...
      Successfully mapped 663 players to 1:1 Latent DNA roles.

[DATA] Loading aggregated data from final_feature_matrix_with_per_min_1997_onward.csv...
   [MEMORY] Scanning season_start_year in chunks to find latest season...
   [MEMORY] Latest season found: 2025. Filtering engine data...
   [MEMORY] Load complete: 46,114 rows
   Loaded 46,114 player-games with 94 features
   [OK] Normalized 5 metric columns for UI Support
   [OPTO] Pre-computing player indices for millisecond lookups...
   [OPTO] Materializing player metadata for instant UI rendering...
   [DNA-DEBUG] Found 298 active players for 2025 (Used col: season_start_year)
   [OK] Loaded schema with 72 features

[MODELS] Loading trained models...
  [MISSING] minutes model not found
  [OK] Loaded points production model: xgb_PTS.joblib
  [OK] Loaded rebounds production model: xgb_REB.joblib
  [OK] Loaded assists production model: xgb_AST.joblib
  [OK] Loaded three_pointers production model: xgb_FG3M.joblib

[OK] Loaded 4 models

[EXEC] Running full slate prediction (Explainability=OFF)...

[DATE] Discovering games for 2026-03-09 (Source: The Odds API)...
   [OK] Discovered 3 games via Discovery API.

[GAME] PHI @ CLE
      [DATA] Extracting roster for CLE from history...

[GAME] MEM @ BKN
      [DATA] Extracting roster for BKN from history...

[GAME] DEN @ OKL
      [DATA] Extracting roster for OKL from history...
      [WARN] No historical roster found for OKL.
   [WARN]  No roster for OKL
      [DATA] Extracting roster for DEN from history...
   CLE: 15 players
      Predicting Sam Merrill...
   [DNA] Sam Merrill: Identified as Two-Way Connector
   BKN: 15 players
      Predicting Ziaire Williams...
   [DNA] Ziaire Williams: Identified as Dynamic Engine
   DEN: 15 players
      Predicting Zeke Nnaji...
   [DNA] Zeke Nnaji: Identified as Versatile Wing
      Predicting Noah Clowney...
   [DNA] Noah Clowney: Identified as Dynamic Engine
      Predicting James Harden...
   [DNA] James Harden: Identified as Rotation Spark
      Predicting Cameron Johnson...
   [DNA] Cameron Johnson: Identified as Vertical Spacer
      Predicting Day'Ron Sharpe...
   [DNA] Day'Ron Sharpe: Identified as Two-Way Connector
      Predicting Jalen Pickett...
   [DNA] Jalen Pickett: Identified as Versatile Wing
      Predicting Evan Mobley...
   [DNA] Evan Mobley: Identified as Perimeter Stopper
      Predicting Michael Porter Jr....
   [DNA] Michael Porter Jr.: Identified as Dynamic Engine
      Predicting David Roddy...
   [DNA] David Roddy: Identified as Two-Way Connector
      Predicting Donovan Mitchell...
   [DNA] Donovan Mitchell: Identified as Rotation Spark
      Predicting Nic Claxton...
   [DNA] Nic Claxton: Identified as Dynamic Engine
      Predicting Christian Braun...
   [DNA] Christian Braun: Identified as Perimeter Stopper
      Predicting Dean Wade...
   [DNA] Dean Wade: Identified as Versatile Wing
      Predicting Jamal Murray...
   [DNA] Jamal Murray: Identified as Rotation Spark
      Predicting Terance Mann...
   [DNA] Terance Mann: Identified as Dynamic Engine
      Predicting Craig Porter Jr....
   [DNA] Craig Porter Jr.: Identified as Two-Way Connector
      Predicting Ochai Agbaji...
   [DNA] Ochai Agbaji: Identified as Perimeter Stopper
      Predicting Bruce Brown...
   [DNA] Bruce Brown: Identified as Perimeter Stopper
      Predicting Jaylon Tyson...
   [DNA] Jaylon Tyson: Identified as Two-Way Connector
      Predicting Josh Minott...
   [DNA] Josh Minott: Identified as Movement Spacer
      Predicting Keon Ellis...
   [DNA] Keon Ellis: Identified as Dynamic Engine
      Predicting Aaron Gordon...
   [DNA] Aaron Gordon: Identified as Vertical Spacer
      Predicting Jalen Wilson...
   [DNA] Jalen Wilson: Identified as Perimeter Stopper
      Predicting Thomas Bryant...
   [DNA] Thomas Bryant: Identified as Movement Spacer
      Predicting Tim Hardaway Jr....
   [DNA] Tim Hardaway Jr.: Identified as Perimeter Stopper
      Predicting Tyrese Martin...
   [DNA] Tyrese Martin: Identified as Two-Way Connector
      Predicting Tyus Jones...
   [DNA] Tyus Jones: Identified as Dynamic Engine
      Predicting Jarrett Allen...
   [DNA] Jarrett Allen: Identified as Perimeter Stopper
      Predicting Keon Johnson...
   [DNA] Keon Johnson: Identified as Perimeter Stopper
      Predicting Spencer Jones...
   [DNA] Spencer Jones: Identified as Versatile Wing
      Predicting Nae'Qwan Tomlin...
   [DNA] Nae'Qwan Tomlin: Identified as Movement Spacer
      Predicting Dariq Whitehead...
   [DNA] Dariq Whitehead: Identified as Dynamic Engine
      Predicting Julian Strawther...
   [DNA] Julian Strawther: Identified as Movement Spacer
      Predicting Larry Nance Jr....
   [DNA] Larry Nance Jr.: Identified as Dynamic Engine
      Predicting Drew Timme...
   [DNA] Drew Timme: Identified as Perimeter Stopper
      Predicting Darius Garland...
   [DNA] Darius Garland: Identified as Vertical Spacer
      Predicting KJ Simpson...
   [DNA] KJ Simpson: Identified as Perimeter Stopper
      Predicting Tyson Etienne...
   [DNA] Tyson Etienne: Identified as Perimeter Stopper
      Predicting Hunter Tyson...
   [DNA] Hunter Tyson: Identified as Versatile Wing
      Predicting De'Andre Hunter...
   [DNA] De'Andre Hunter: Identified as Perimeter Stopper
      Predicting Tosan Evbuomwan...
   [DNA] Tosan Evbuomwan: Identified as Perimeter Stopper
      Predicting Michael Porter Jr....
   [DNA] Michael Porter Jr.: Identified as Dynamic Engine
      Predicting Isaac Okoro...
   [DNA] Isaac Okoro: Identified as Two-Way Connector
      [DATA] Extracting roster for MEM from history...
      [DATA] Extracting roster for PHI from history...
   MEM: 15 players
      Predicting Ty Jerome...
   [DNA] Ty Jerome: Identified as Perimeter Stopper
   PHI: 15 players
      Predicting Quentin Grimes...
   [DNA] Quentin Grimes: Identified as Rotation Spark
      Predicting Olivier-Maxence Prosper...
   [DNA] Olivier-Maxence Prosper: Identified as Movement Spacer
      Predicting Kelly Oubre Jr....
   [DNA] Kelly Oubre Jr.: Identified as Vertical Spacer
      Predicting Cam Spencer...
   [DNA] Cam Spencer: Identified as Movement Spacer
      Predicting Dominick Barlow...
   [DNA] Dominick Barlow: Identified as Movement Spacer
      Predicting GG Jackson...
   [DNA] GG Jackson: Identified as Two-Way Connector
      Predicting Cameron Payne...
   [DNA] Cameron Payne: Identified as Versatile Wing
      Predicting Jaylen Wells...
   [DNA] Jaylen Wells: Identified as Dynamic Engine
      Predicting Adem Bona...
   [DNA] Adem Bona: Identified as Perimeter Stopper
      Predicting Taylor Hendricks...
   [DNA] Taylor Hendricks: Identified as Dynamic Engine
      Predicting Andre Drummond...
   [DNA] Andre Drummond: Identified as Dynamic Engine
      Predicting Scotty Pippen Jr....
   [DNA] Scotty Pippen Jr.: Identified as Perimeter Stopper
      Predicting Jabari Walker...
   [DNA] Jabari Walker: Identified as Two-Way Connector
      Predicting Rayan Rupert...
   [DNA] Rayan Rupert: Identified as Dynamic Engine
      Predicting Tyrese Maxey...
   [DNA] Tyrese Maxey: Identified as Rotation Spark
      Predicting Luke Kennard...
   [DNA] Luke Kennard: Identified as Bruising Interior
      Predicting Trendon Watford...
   [DNA] Trendon Watford: Identified as Perimeter Stopper
      Predicting Jaren Jackson Jr....
   [DNA] Jaren Jackson Jr.: Identified as Vertical Spacer
      Predicting Justin Edwards...
   [DNA] Justin Edwards: Identified as Perimeter Stopper
      Predicting Jay Huff...
   [DNA] Jay Huff: Identified as Two-Way Connector
      Predicting Tyrese Martin...
   [DNA] Tyrese Martin: Identified as Two-Way Connector
      Predicting Desmond Bane...
   [DNA] Desmond Bane: Identified as Vertical Spacer
      Predicting Kyle Lowry...
   [DNA] Kyle Lowry: Identified as Bruising Interior
      Predicting Lamar Stevens...
   [DNA] Lamar Stevens: Identified as Bruising Interior
      Predicting Dalen Terry...
   [DNA] Dalen Terry: Identified as Two-Way Connector
      Predicting John Konchar...
   [DNA] John Konchar: Identified as Movement Spacer
      Predicting Vince Williams Jr....
   [DNA] Vince Williams Jr.: Identified as Movement Spacer
      Predicting Joel Embiid...
   [DNA] Joel Embiid: Identified as Rotation Spark
      Predicting Lonnie Walker IV...
   [DNA] Lonnie Walker IV: Identified as Perimeter Stopper

[DATA] Generated 75 predictions
Traceback (most recent call last):
  File "C:\Users\tmiles11\nba_predictor\meep\meep\predict_live_FINAL.py", line 1465, in <module>
    main()
  File "C:\Users\tmiles11\nba_predictor\meep\meep\predict_live_FINAL.py", line 1412, in main
    print(f"\U0001f4be Saved {len(df_wide)} legacy wide-format predictions to {args.output_wide}")
  File "C:\Users\tmiles11\AppData\Local\Programs\Python\Python312\Lib\encodings\cp1252.py", line 19, in encode
    return codecs.charmap_encode(input,self.errors,encoding_table)[0]
           ^^^^^^^^^^^^^^^^^^^^^^^^^^^^^^^^^^^^^^^^^^^^^^^^^^^^^^^
UnicodeEncodeError: 'charmap' codec can't encode character '\U0001f4be' in position 0: character maps to <undefined>
